// Jest Snapshot v1, https://goo.gl/fbAQLP

exports[`matches snapshot 1`] = `
<DocumentFragment>
  <div
    class="Box-box-div"
  />
  <button
    class="Box-box-div-button"
  >
    X
  </button>
</DocumentFragment>
`;
